// Jest Snapshot v1, https://goo.gl/fbAQLP

exports[`InterestOnlyBenefits Component renders 1`] = `
<section
  id="interestOnlyBenefitsSection"
>
  <div>
    <img
      alt="Interest only benefits image"
    />
  </div>
  <div>
    <h2>
      Interest-Only Mortgage Benefits
    </h2>
    <p>
      
                        Control the terms of your mortgage. With an interest-only
                        mortgage, you can choose to pay the interest only or make
                        a principle payment amount. This customization is helpful
                        for borrowers with fluctuating income who want more control
                        of their terms. Benefits of an Interest-Only Mortgage:
                    
    </p>
    <ul>
      <li>
        Offers initial interest-only payment options
      </li>
      <li>
        Allows for flexible monthly payments during the initial interest-only term
      </li>
      <li>
        Gives borrowers the opportunity to make principal payments when they choose
      </li>
      <li>
        Custom loan tailored for specific needs
      </li>
    </ul>
  </div>
</section>
`;
