// Jest Snapshot v1, https://goo.gl/fbAQLP

exports[`SEO component renders 1`] = `null`;
