// Jest Snapshot v1, https://goo.gl/fbAQLP

exports[`Testimonials component renders 1`] = `
<section>
  <h1>
    Testimonials
  </h1>
</section>
`;
