// Jest Snapshot v1, https://goo.gl/fbAQLP

exports[`ConformingLoanBenefits Component renders 1`] = `
<section
  id="conventionalLoanBenefitsSection"
>
  <div>
    <img
      alt="Conventional loan benefits image"
    />
  </div>
  <div>
    <h2>
      Conventional Loan Benefits
    </h2>
    <p>
      
                        A Conventional Loan can be an option if your mortgage amount
                        doesnâ€™t exceed the conventional loan limit, $510,400 for most
                        U.S. counties.
                    
    </p>
    <ul>
      <li>
        One of the lowest fixed interest rates available
      </li>
      <li>
        The flexibility of either a fixed-rate or an adjustable-rate mortgage (ARM)
      </li>
    </ul>
    <button
      type="button"
    >
      Apply Now
    </button>
  </div>
</section>
`;
