// Jest Snapshot v1, https://goo.gl/fbAQLP

exports[`IsNonConventionalLoanRight Component renders 1`] = `
<section
  id="isNonConventionalLoanRightSection"
>
  <div>
    <h2>
      Is a Non-Conventional Loan Right For You?
    </h2>
    <strong>
      Non-conventional loans may be the right solution when looking for:
    </strong>
    <ul>
      <li>
        Expanded guidelines and enhanced options
      </li>
      <li>
        Tailored mortgage solutions for unique financial situations
      </li>
      <li>
        Customized Portfolio Loans and Interest-Only Mortgages
      </li>
    </ul>
    <button
      type="button"
    >
      Apply Now
    </button>
  </div>
  <div>
    <img
      alt="Is a non conventional loan right image"
    />
  </div>
</section>
`;
