// Jest Snapshot v1, https://goo.gl/fbAQLP

exports[`NonConventionalLoanBenefits Component renders 1`] = `
<section
  id="nonConventionalLoanBenefitsSection"
>
  <div>
    <img
      alt="Non conventional loan benefits image"
    />
  </div>
  <div>
    <h2>
      Non-Conventional Loan Benefits
    </h2>
    <p>
      
                        A Non-Conventional Loan can be an option when your loan
                        amount exceeds the conventional loan limit, $510,400
                        for most U.S. counties.
                    
    </p>
    <strong>
      Potential benefits include:
    </strong>
    <ul>
      <li>
        Jumbo and Super Jumbo loan amounts of up to $25 million or more
      </li>
      <li>
        Flexibility to choose either a fixed-rate or an adjustable-rate mortgage (ARM)
      </li>
      <li>
        Personalization for complex financial situations
      </li>
      <li>
        Financing for non-owner occupied properties
      </li>
    </ul>
  </div>
</section>
`;
