// Jest Snapshot v1, https://goo.gl/fbAQLP

exports[`JumboLoanLeader Component renders 1`] = `
<section
  id="jumboloanLeaderSection"
>
  <div>
    <img
      alt="Jumbo loan leader image"
    />
  </div>
  <div>
    <h2>
      Why is Manhattan Banc the Leader in Jumbo Loans?
    </h2>
    <ul>
      <li>
        Experienced professionals who are intimately familiar with luxury home markets
      </li>
      <li>
        Self-employed borrowers can use bank statements to verify income
      </li>
      <li>
        Special programs for purchase financing
      </li>
      <li>
        Loan underwriters who understand complex financial situations
      </li>
      <li>
        Fixed Rate and Adjustable Rate Mortgage (ARM) loans with Interest-Only Mortgage Options
      </li>
      <li>
        Asset Utilization: use your liquid assets to assist in meeting full doc debt-to-income (DTI) ratio requirements
      </li>
      <li>
        Pledged Assets: finance up to 90% of a home's value by pledging security assets or savings in lieu of a down payment
      </li>
      <li>
        Cross Collateralization: finance up to 100% of a home's value through securing the loan against an additional free and clear property
      </li>
    </ul>
    <button
      type="button"
    >
      Apply Now
    </button>
  </div>
</section>
`;
