// Jest Snapshot v1, https://goo.gl/fbAQLP

exports[`JumboLoanBenefits Component renders 1`] = `
<section
  id="jumboLoanBenefitsSection"
>
  <div>
    <h2>
      Jumbo & Super Jumbo Loan Benefits
    </h2>
    <p>
      
                        As a premier provider of million dollar home loans,
                        Manhattan Banc is expert at accommodating large loan
                        amounts and creating custom mortgage solutions:
                    
    </p>
    <ul>
      <li>
        Loan amounts up to $30 million
      </li>
      <li>
        Bank Statement Loans
      </li>
      <li>
        Underwriting Flexibility
      </li>
      <li>
        Portfolio Loan Options
      </li>
      <li>
        Extensive range of mortgage programs and options
      </li>
      <li>
        Interest-only options available
      </li>
      <li>
        Unique properties considered
      </li>
      <li>
        90% financing on purchase loans
      </li>
      <li>
        Highly competitive non-resident alien programs
      </li>
    </ul>
  </div>
  <div>
    <img
      alt="Jumbo loan benefits image"
    />
  </div>
</section>
`;
