// Jest Snapshot v1, https://goo.gl/fbAQLP

exports[`FormikActionButtons component renders 1`] = `
<div>
  <button
    disabled=""
    type="button"
  >
    Submit
  </button>
</div>
`;
