// Jest Snapshot v1, https://goo.gl/fbAQLP

exports[`ReadyGetStarted Component renders 1`] = `
<section
  id="readyGetStartedSection"
>
  <div>
    <h2>
      Ready To Get Started?
    </h2>
    <p>
      
                        It's easy to apply, just answer some basic question
                        about your personal finances and the home.
                    
    </p>
    <button
      type="button"
    >
      Apply Now
    </button>
  </div>
</section>
`;
